// Jest Snapshot v1, https://goo.gl/fbAQLP

exports[`Setting user preferences action Dispatches the correct action and payload 1`] = `
Array [
  Object {
    "payload": Object {
      "categoryType": "enable",
      "currency": "USD",
      "language": "EN",
      "messageType": "follow",
      "profileType": "all",
      "timezone": "-12.0",
    },
    "type": "SET_PREF",
  },
]
`;
